
> exam-temp@0.1.0 build
> next build --webpack

ظû▓ Next.js 16.1.1 (webpack)
- Environments: .env

node.exe : ظأب The "middleware" file convention is deprecated. Please use "proxy" instead. Learn more: https://nextjs.org/docs/messages/middleware-to-proxy
At C:\nvm4w\nodejs\npm.ps1:29 char:3
+   & $NODE_EXE $NPM_CLI_JS $args
+   ~~~~~~~~~~~~~~~~~~~~~~~~~~~~~
    + CategoryInfo          : NotSpecified: (ظأب The "middle...leware-to-proxy:String) [], RemoteException
    + FullyQualifiedErrorId : NativeCommandError
 
  Creating an optimized production build ...
 ظ£ô (pwa) Compiling for server...
 ظ£ô (pwa) Compiling for server...
 ظ£ô (pwa) Compiling for client (static)...
 ظùï (pwa) Service worker: E:\╪د╪»╪د╪▒┘ç ╪د┘╪د╪╣╪ز┘à╪د╪» ╪د┘┘à┘ç┘┘è\public\sw.js
 ظùï (pwa)   URL: /sw.js
 ظùï (pwa)   Scope: /
ظ£ô Compiled successfully in 74s
  Running TypeScript ...
Failed to compile.

./src/app/api/messages/generate/route.ts:119:54
Type error: Property 'departureTime' does not exist on type '{ trip: { id: string; date: Date; notes: string | null; status: TripStatus; createdAt: Date; 
updatedAt: Date; busNumber: string | null; price: Decimal; ... 8 more ...; driverName: string | null; } | null; returnTrip: { ...; } | null; } & { ...; }'. Did 
you mean 'departureDate'?

[0m [90m 117 |[39m             text [33m=[39m text[33m.[39mreplace([35m/{departureDate}|{travelDate}|{new_travel_date}/g[39m[33m,[39m 
formatDate(tDate))[33m;[39m
 [90m 118 |[39m
[31m[1m>[22m[39m[90m 119 |[39m             [36mif[39m (ticket[33m.[39mtrip[33m?[39m[33m.[39mdepartureTime [33m||[39m 
ticket[33m.[39mdepartureTime) {
 [90m     |[39m                                                      [31m[1m^[22m[39m
 [90m 120 |[39m                 text [33m=[39m text[33m.[39mreplace([35m/{departureTime}/g[39m[33m,[39m 
formatArabicTime(ticket[33m.[39mtrip[33m?[39m[33m.[39mdepartureTime [33m||[39m ticket[33m.[39mdepartureTime))[33m;[39m
 [90m 121 |[39m             } [36melse[39m {
 [90m 122 |[39m                 text [33m=[39m text[33m.[39mreplace([35m/{departureTime}/g[39m[33m,[39m [32m"╪║┘è╪▒ ┘à╪ص╪»╪»"[39m)[33m;[39m[0m
Next.js build worker exited with code: 1 and signal: null
