src/app/(public)/session/[token]/page.tsx(274,48): error TS18004: No value exists in scope for the shorthand property 'selectedOptionId'. Either declare one or provide an initializer.
